// Jest Snapshot v1, https://goo.gl/fbAQLP

exports[`Home snapshot renders the home screen 1`] = `
<View
  style={
    Object {
      "backgroundColor": "#fff",
      "flex": 1,
    }
  }
>
  <View
    style={
      Object {
        "paddingTop": 30,
      }
    }
  >
    <View
      style={
        Object {
          "alignItems": "center",
          "marginHorizontal": 50,
        }
      }
    >
      <Text
        style={
          Object {
            "color": "rgba(96,100,109, 1)",
            "fontSize": 17,
            "lineHeight": 24,
            "textAlign": "center",
          }
        }
      >
        Server response:
         
        Waiting for the response ...
      </Text>
    </View>
    <View
      style={
        Object {
          "alignItems": "center",
          "marginTop": 15,
        }
      }
    >
      <View
        accessible={true}
        isTVSelectable={true}
        onResponderGrant={[Function]}
        onResponderMove={[Function]}
        onResponderRelease={[Function]}
        onResponderTerminate={[Function]}
        onResponderTerminationRequest={[Function]}
        onStartShouldSetResponder={[Function]}
        style={
          Object {
            "opacity": 1,
            "paddingVertical": 15,
          }
        }
      >
        <Text
          style={
            Object {
              "color": "#2e78b7",
              "fontSize": 14,
            }
          }
        >
          Try again if not reachable
        </Text>
      </View>
    </View>
  </View>
</View>
`;
